---------------------------------------
Fecha : 2025-12-15T15:49:26.3259890-06:00
Origen : CrearUsuarioAsync
Mensaje : Creacion de Usuario y su relacion de roles
Detalle : 
Usuario : 
EndPoint : 
ClientInfo : 
Correlation : 

---------------------------------------
Fecha : 2025-12-15T15:56:03.2350183-06:00
Origen : CrearUsuarioAsync
Mensaje : Creacion de Usuario y su relacion de roles
Detalle : 
Usuario : 
EndPoint : 
ClientInfo : 
Correlation : 

---------------------------------------
Fecha : 2025-12-15T15:56:13.3894236-06:00
Origen : CrearUsuarioAsync
Mensaje : Creacion de Usuario y su relacion de roles
Detalle : 
Usuario : 
EndPoint : 
ClientInfo : 
Correlation : 

---------------------------------------
Fecha : 2025-12-15T15:56:27.8766332-06:00
Origen : CrearUsuarioAsync111111111111111111111111111111111111111111111111111111111111111111111111111111111111111111111111111111111111111111111111111111111111111111111111111111111111
Mensaje : Creacion de Usuario y su relacion de roles
Detalle : 
Usuario : 
EndPoint : 
ClientInfo : 
Correlation : 

---------------------------------------
Fecha : 2025-12-15T16:01:26.9472949-06:00
Origen : CrearUsuarioAsync111111111111111111111111111111111111111111111111111111111111111111111111111111111111111111111111111111111111111111111111111111111111111111111111111111111111
Mensaje : Creacion de Usuario y su relacion de roles
Detalle : 
Usuario : 
EndPoint : 
ClientInfo : 
Correlation : 

---------------------------------------
Fecha : 2025-12-15T16:02:29.7834323-06:00
Origen : CrearUsuarioAsync
Mensaje : Creacion de Usuario y su relacion de roles
Detalle : 
Usuario : 
EndPoint : 
ClientInfo : 
Correlation : 

