---------------------------------------
Fecha : 2025-12-26T11:01:03.6948280-06:00
Origen : CrearRolAsync
Mensaje : Creacion de Roles
Detalle : 
Usuario : 
EndPoint : 
ClientInfo : 
Correlation : 

---------------------------------------
Fecha : 2025-12-26T11:01:40.4467011-06:00
Origen : CrearRolAsync
Mensaje : Creacion de Roles y su relacion de permisos.
Detalle : 
Usuario : 
EndPoint : 
ClientInfo : 
Correlation : 

---------------------------------------
Fecha : 2025-12-26T11:05:01.3978817-06:00
Origen : CrearRolAsync
Mensaje : Creacion de Roles
Detalle : 
Usuario : 
EndPoint : 
ClientInfo : 
Correlation : 

---------------------------------------
Fecha : 2025-12-26T11:05:39.7367825-06:00
Origen : CrearRolAsync
Mensaje : Creacion de Roles y su relacion de permisos.
Detalle : 
Usuario : 
EndPoint : 
ClientInfo : 
Correlation : 

---------------------------------------
Fecha : 2025-12-26T14:30:11.6208825-06:00
Origen : CrearRolAsync
Mensaje : Creacion de Roles
Detalle : 
Usuario : 
EndPoint : 
ClientInfo : 
Correlation : 

---------------------------------------
Fecha : 2025-12-26T14:30:25.5946211-06:00
Origen : CrearRolAsync
Mensaje : Creacion de Roles y su relacion de permisos.
Detalle : 
Usuario : 
EndPoint : 
ClientInfo : 
Correlation : 

---------------------------------------
Fecha : 2025-12-26T14:38:52.6085863-06:00
Origen : CrearRolAsync
Mensaje : Creacion de Roles
Detalle : 
Usuario : 
EndPoint : 
ClientInfo : 
Correlation : 

---------------------------------------
Fecha : 2025-12-26T14:40:28.9449202-06:00
Origen : CrearRolAsync
Mensaje : Creacion de Roles y su relacion de permisos.
Detalle : 
Usuario : 
EndPoint : 
ClientInfo : 
Correlation : 

---------------------------------------
Fecha : 2025-12-26T14:44:21.2731958-06:00
Origen : CrearRolAsync
Mensaje : Creacion de Roles
Detalle : 
Usuario : 
EndPoint : 
ClientInfo : 
Correlation : 

